Release 14.7 - xst P.20131013 (nt64)
Copyright (c) 1995-2013 Xilinx, Inc.  All rights reserved.
--> Parameter TMPDIR set to xst/projnav.tmp


Total REAL time to Xst completion: 0.00 secs
Total CPU time to Xst completion: 0.44 secs
 
--> Parameter xsthdpdir set to xst


Total REAL time to Xst completion: 0.00 secs
Total CPU time to Xst completion: 0.44 secs
 
--> Reading design: Lab7.prj

TABLE OF CONTENTS
  1) Synthesis Options Summary
  2) HDL Parsing
  3) HDL Elaboration
  4) HDL Synthesis
       4.1) HDL Synthesis Report
  5) Advanced HDL Synthesis
       5.1) Advanced HDL Synthesis Report
  6) Low Level Synthesis
  7) Partition Report
  8) Design Summary
       8.1) Primitive and Black Box Usage
       8.2) Device utilization summary
       8.3) Partition Resource Summary
       8.4) Timing Report
            8.4.1) Clock Information
            8.4.2) Asynchronous Control Signals Information
            8.4.3) Timing Summary
            8.4.4) Timing Details
            8.4.5) Cross Clock Domains Report


=========================================================================
*                      Synthesis Options Summary                        *
=========================================================================
---- Source Parameters
Input File Name                    : "Lab7.prj"
Ignore Synthesis Constraint File   : NO

---- Target Parameters
Output File Name                   : "Lab7"
Output Format                      : NGC
Target Device                      : xc6slx9-3-tqg144

---- Source Options
Top Module Name                    : Lab7
Automatic FSM Extraction           : YES
FSM Encoding Algorithm             : Auto
Safe Implementation                : No
FSM Style                          : LUT
RAM Extraction                     : Yes
RAM Style                          : Auto
ROM Extraction                     : Yes
Shift Register Extraction          : YES
ROM Style                          : Auto
Resource Sharing                   : YES
Asynchronous To Synchronous        : NO
Shift Register Minimum Size        : 2
Use DSP Block                      : Auto
Automatic Register Balancing       : No

---- Target Options
LUT Combining                      : Auto
Reduce Control Sets                : Auto
Add IO Buffers                     : YES
Global Maximum Fanout              : 100000
Add Generic Clock Buffer(BUFG)     : 16
Register Duplication               : YES
Optimize Instantiated Primitives   : NO
Use Clock Enable                   : Auto
Use Synchronous Set                : Auto
Use Synchronous Reset              : Auto
Pack IO Registers into IOBs        : Auto
Equivalent register Removal        : YES

---- General Options
Optimization Goal                  : Speed
Optimization Effort                : 1
Power Reduction                    : NO
Keep Hierarchy                     : No
Netlist Hierarchy                  : As_Optimized
RTL Output                         : Yes
Global Optimization                : AllClockNets
Read Cores                         : YES
Write Timing Constraints           : NO
Cross Clock Analysis               : NO
Hierarchy Separator                : /
Bus Delimiter                      : <>
Case Specifier                     : Maintain
Slice Utilization Ratio            : 100
BRAM Utilization Ratio             : 100
DSP48 Utilization Ratio            : 100
Auto BRAM Packing                  : NO
Slice Utilization Ratio Delta      : 5

=========================================================================


=========================================================================
*                          HDL Parsing                                  *
=========================================================================
Analyzing Verilog file "C:\Users\Andres\Documents\CompE470L\Lab7\ipcore_dir\SuperCoolClk.v" into library work
Parsing module <SuperCoolClk>.
Analyzing Verilog file "C:\Users\Andres\Documents\CompE470L\Lab7\Lab7.v" into library work
Parsing module <Lab7>.

=========================================================================
*                            HDL Elaboration                            *
=========================================================================

Elaborating module <Lab7>.

Elaborating module <SuperCoolClk>.

Elaborating module <IBUFG>.

Elaborating module <PLL_BASE(BANDWIDTH="OPTIMIZED",CLK_FEEDBACK="CLKFBOUT",COMPENSATION="SYSTEM_SYNCHRONOUS",DIVCLK_DIVIDE=1,CLKFBOUT_MULT=18,CLKFBOUT_PHASE=0.0,CLKOUT0_DIVIDE=3,CLKOUT0_PHASE=0.0,CLKOUT0_DUTY_CYCLE=0.5,CLKOUT1_DIVIDE=32,CLKOUT1_PHASE=0.0,CLKOUT1_DUTY_CYCLE=0.5,CLKOUT2_DIVIDE=18,CLKOUT2_PHASE=2.5,CLKOUT2_DUTY_CYCLE=0.5,CLKIN_PERIOD=20.0,REF_JITTER=0.01)>.
WARNING:HDLCompiler:1127 - "C:\Users\Andres\Documents\CompE470L\Lab7\ipcore_dir\SuperCoolClk.v" Line 126: Assignment to clkout3_unused ignored, since the identifier is never used
WARNING:HDLCompiler:1127 - "C:\Users\Andres\Documents\CompE470L\Lab7\ipcore_dir\SuperCoolClk.v" Line 127: Assignment to clkout4_unused ignored, since the identifier is never used
WARNING:HDLCompiler:1127 - "C:\Users\Andres\Documents\CompE470L\Lab7\ipcore_dir\SuperCoolClk.v" Line 128: Assignment to clkout5_unused ignored, since the identifier is never used
WARNING:HDLCompiler:1127 - "C:\Users\Andres\Documents\CompE470L\Lab7\ipcore_dir\SuperCoolClk.v" Line 130: Assignment to locked_unused ignored, since the identifier is never used

Elaborating module <BUFG>.

=========================================================================
*                           HDL Synthesis                               *
=========================================================================

Synthesizing Unit <Lab7>.
    Related source file is "C:\Users\Andres\Documents\CompE470L\Lab7\Lab7.v".
    Found 1-bit 4-to-1 multiplexer for signal <_n0029> created at line 28.
    Summary:
	inferred   2 Multiplexer(s).
Unit <Lab7> synthesized.

Synthesizing Unit <SuperCoolClk>.
    Related source file is "C:\Users\Andres\Documents\CompE470L\Lab7\ipcore_dir\SuperCoolClk.v".
    Summary:
	no macro.
Unit <SuperCoolClk> synthesized.

=========================================================================
HDL Synthesis Report

Macro Statistics
# Multiplexers                                         : 2
 1-bit 2-to-1 multiplexer                              : 1
 1-bit 4-to-1 multiplexer                              : 1

=========================================================================

=========================================================================
*                       Advanced HDL Synthesis                          *
=========================================================================


=========================================================================
Advanced HDL Synthesis Report

Macro Statistics
# Multiplexers                                         : 2
 1-bit 2-to-1 multiplexer                              : 1
 1-bit 4-to-1 multiplexer                              : 1

=========================================================================

=========================================================================
*                         Low Level Synthesis                           *
=========================================================================
INFO:Xst:1901 - Instance sck00/pll_base_inst in unit sck00/pll_base_inst of type PLL_BASE has been replaced by PLL_ADV

Optimizing unit <Lab7> ...

Mapping all equations...
Building and optimizing final netlist ...
Found area constraint ratio of 100 (+ 5) on block Lab7, actual ratio is 0.

Final Macro Processing ...

=========================================================================
Final Register Report

Found no macro
=========================================================================

=========================================================================
*                           Partition Report                            *
=========================================================================

Partition Implementation Status
-------------------------------

  No Partitions were found in this design.

-------------------------------

=========================================================================
*                            Design Summary                             *
=========================================================================

Top Level Output File Name         : Lab7.ngc

Primitive and Black Box Usage:
------------------------------
# BELS                             : 3
#      INV                         : 1
#      LUT6                        : 1
#      VCC                         : 1
# Clock Buffers                    : 4
#      BUFG                        : 4
# IO Buffers                       : 35
#      IBUF                        : 12
#      IBUFG                       : 1
#      OBUF                        : 22
# Others                           : 1
#      PLL_ADV                     : 1

Device utilization summary:
---------------------------

Selected Device : 6slx9tqg144-3 


Slice Logic Utilization: 
 Number of Slice LUTs:                    2  out of   5720     0%  
    Number used as Logic:                 2  out of   5720     0%  

Slice Logic Distribution: 
 Number of LUT Flip Flop pairs used:      2
   Number with an unused Flip Flop:       2  out of      2   100%  
   Number with an unused LUT:             0  out of      2     0%  
   Number of fully used LUT-FF pairs:     0  out of      2     0%  
   Number of unique control sets:         0

IO Utilization: 
 Number of IOs:                          35
 Number of bonded IOBs:                  35  out of    102    34%  

Specific Feature Utilization:
 Number of BUFG/BUFGCTRLs:                4  out of     16    25%  
 Number of PLL_ADVs:                      1  out of      2    50%  

---------------------------
Partition Resource Summary:
---------------------------

  No Partitions were found in this design.

---------------------------


=========================================================================
Timing Report

NOTE: THESE TIMING NUMBERS ARE ONLY A SYNTHESIS ESTIMATE.
      FOR ACCURATE TIMING INFORMATION PLEASE REFER TO THE TRACE REPORT
      GENERATED AFTER PLACE-and-ROUTE.

Clock Information:
------------------
No clock signals found in this design

Asynchronous Control Signals Information:
----------------------------------------
No asynchronous control signals found in this design

Timing Summary:
---------------
Speed Grade: -3

   Minimum period: No path found
   Minimum input arrival time before clock: No path found
   Maximum output required time after clock: No path found
   Maximum combinational path delay: 5.519ns

Timing Details:
---------------
All values displayed in nanoseconds (ns)

=========================================================================
Timing constraint: Default path analysis
  Total number of paths / destination ports: 11 / 9
-------------------------------------------------------------------------
Delay:               5.519ns (Levels of Logic = 3)
  Source:            IO_PB<1> (PAD)
  Destination:       outPin (PAD)

  Data Path: IO_PB<1> to outPin
                                Gate     Net
    Cell:in->out      fanout   Delay   Delay  Logical Name (Net Name)
    ----------------------------------------  ------------
     IBUF:I->O             1   1.222   0.944  IO_PB_1_IBUF (IO_PB_1_IBUF)
     LUT6:I0->O            1   0.203   0.579  Mmux_outPin11 (outPin_OBUF)
     OBUF:I->O                 2.571          outPin_OBUF (outPin)
    ----------------------------------------
    Total                      5.519ns (3.996ns logic, 1.523ns route)
                                       (72.4% logic, 27.6% route)

=========================================================================

Cross Clock Domains Report:
--------------------------

=========================================================================


Total REAL time to Xst completion: 22.00 secs
Total CPU time to Xst completion: 21.68 secs
 
--> 

Total memory usage is 220868 kilobytes

Number of errors   :    0 (   0 filtered)
Number of warnings :    4 (   0 filtered)
Number of infos    :    1 (   0 filtered)

